// Jest Snapshot v1, https://goo.gl/fbAQLP

exports[`<Main /> should render the heading 1`] = `
<main
  class="styles__Wrapper-sc-4128tg-0 ewWlEU"
>
  <img
    alt="Imagem de um átomo e React Avançado ao lado."
    class="styles__Logo-sc-4128tg-1 gnhCtP"
    src="/img/logo.svg"
  />
  <h1
    class="styles__Title-sc-4128tg-2 bJFa-dV"
  >
    React Avançado
  </h1>
  <h2
    class="styles__Description-sc-4128tg-3 hEXvby"
  >
    Typescript, ReactJS, NextJS e Styled Components
  </h2>
  <img
    alt="Um desenvolvedor de frente para uma tela com código"
    class="styles__Illustration-sc-4128tg-4 fyFvZb"
    src="/img/hero-illustration.svg"
  />
</main>
`
